2017-05-26 "Cleaning XERDS"
Assets:Checking -300 CHF
TBD 300 CHF
2017-05-26 "Supermarket BarBaz"
Assets:Checking -115.2 CHF
TBD 115.2 CHF
2017-05-26 "Bank 2000"
Assets:Checking -250 CHF
TBD 250 CHF
2017-05-26 "Tire Car Sales"
Assets:Checking -95.85 CHF
TBD 95.85 CHF
2017-05-29 "Transfer 01-45-06 Bigbank"
Assets:Checking -1040 CHF
TBD 1040 CHF
2017-05-31 "FOOBAR COMMUNICATIONS INC"
Assets:Checking -52.6 CHF
TBD 52.6 CHF
2017-06-01 "Acme Corp Three Monkeys"
Assets:Checking -135 CHF
TBD 135 CHF